---------------------------------------------------------------------------------------
STEP a

$ git config --global user.name "Abdulkadir Karatas"

$ git config --global user.email "abdulkadirkaratas55@gmail.com"

$ git config --global core.editor "VISUAL"

$ git config --global --list
user.email=abdulkadirkaratas55@gmail.com
user.name=Abdulkadir Karatas
credential.helper=manager
core.editor=VISUAL

------------------------------------------------------------------------------------------

STEP b

abdulkadirkaratas@abdulkadir MINGW64 ~/Desktop/hw-4 (main)
$ ls -a
./  ../  .git/  hwk4/  README.md

abdulkadirkaratas@abdulkadir MINGW64 ~/Desktop/hw-4 (main)
$ cd .git/

abdulkadirkaratas@abdulkadir MINGW64 ~/Desktop/hw-4/.git (GIT_DIR!)
$ ls -a
./  ../  config  description  HEAD  hooks/  index  info/  logs/  objects/  packed-refs  refs/

-----------------------------------------------------------------------------------------------

STEP c

- The web page of [The Department of Software Engineering of Işık University](https://www.isikun.edu.tr/akademik/muhendislik-fakultesi/bolumler-ve-programlar/bilgisayar-muhendisligi/programlar/lisans-programi/yazilim-muhendisligi).

-----------------------------------------------------------------------------------------------

STEP d

abdulkadirkaratas@abdulkadir MINGW64 ~/Desktop/hw-4 (main)
$ cat .gitignore

# Compiled class file
*.class

# Log file
*.log

# BlueJ files
*.ctxt

# Mobile Tools for Java (J2ME)
.mtj.tmp/

# Package Files #
*.jar
*.war
*.nar
*.ear
*.zip
*.tar.gz
*.rar

# virtual machine crash logs, see http://www.java.com/en/download/help/error_hotspot.xml
hs_err_pid*
replay_pid*

-----------------------------------------------------------------------------------------------




